atom( 7 )
factor
term
atom( 3 )
factor
term
expr
atom
factor
atom( 7 )
factor
term
term
expr
var_definition( abc )
atom( 7 )
factor
term
5:Syntax Error (token: '9')
